// Jest Snapshot v1, https://goo.gl/fbAQLP

exports[`EpisodeList component should render 1`] = `
<section
  className="episode-list"
>
  <section
    className="episode-season"
    key="1"
  >
    <header
      className="episode-season_title"
    >
      Season 
      1
    </header>
    <table
      className="episode-season-list"
    >
      <thead
        className="episode-season-list__header"
      >
        <tr
          className="episode-season-list__row"
        >
          <th>
            Number
          </th>
          <th>
            Date
          </th>
          <th>
            Name
          </th>
        </tr>
      </thead>
      <tbody
        className="episode-season-list__body"
      >
        <tr
          className="episode-season-list__row"
          key="1"
        >
          <td
            className="episode-season-list__row_number"
          >
            1
          </td>
          <td
            className="episode-season-list__row_date"
          >
            April 11, 2016
          </td>
          <td>
            <Link
              className="episode-season-list__row_name"
              to="/episode/1"
            >
              episode 1x1
            </Link>
          </td>
        </tr>
        <tr
          className="episode-season-list__row"
          key="2"
        >
          <td
            className="episode-season-list__row_number"
          >
            2
          </td>
          <td
            className="episode-season-list__row_date"
          >
            April 15, 2016
          </td>
          <td>
            <Link
              className="episode-season-list__row_name"
              to="/episode/2"
            >
              episode 1x2
            </Link>
          </td>
        </tr>
      </tbody>
    </table>
  </section>
  <section
    className="episode-season"
    key="2"
  >
    <header
      className="episode-season_title"
    >
      Season 
      2
    </header>
    <table
      className="episode-season-list"
    >
      <thead
        className="episode-season-list__header"
      >
        <tr
          className="episode-season-list__row"
        >
          <th>
            Number
          </th>
          <th>
            Date
          </th>
          <th>
            Name
          </th>
        </tr>
      </thead>
      <tbody
        className="episode-season-list__body"
      >
        <tr
          className="episode-season-list__row"
          key="3"
        >
          <td
            className="episode-season-list__row_number"
          >
            1
          </td>
          <td
            className="episode-season-list__row_date"
          >
            April 11, 2017
          </td>
          <td>
            <Link
              className="episode-season-list__row_name"
              to="/episode/3"
            >
              episode 2x1
            </Link>
          </td>
        </tr>
        <tr
          className="episode-season-list__row"
          key="4"
        >
          <td
            className="episode-season-list__row_number"
          >
            2
          </td>
          <td
            className="episode-season-list__row_date"
          >
            April 15, 2017
          </td>
          <td>
            <Link
              className="episode-season-list__row_name"
              to="/episode/4"
            >
              episode 2x2
            </Link>
          </td>
        </tr>
      </tbody>
    </table>
  </section>
</section>
`;
